ARM Linker, 5.03 [Build 76] [MDK-ARM Lite]

==============================================================================

Section Cross References

    startup.o(STACK) refers (Special) to heapauxi.o(.text) for __use_two_region_memory
    startup.o(HEAP) refers (Special) to heapauxi.o(.text) for __use_two_region_memory
    startup.o(RESET) refers (Special) to heapauxi.o(.text) for __use_two_region_memory
    startup.o(RESET) refers to startup.o(STACK) for Stack_Top
    startup.o(RESET) refers to __main.o(!!!main) for __main
    startup.o(.text) refers (Special) to heapauxi.o(.text) for __use_two_region_memory
    startup.o(.text) refers to startup.o(HEAP) for Heap_Mem
    startup.o(.text) refers to startup.o(STACK) for Stack_Mem
    lcd.o(.text) refers to delay.o(.text) for delay_us
    lcd.o(.text) refers to aeabi_sdiv.o(.text_udiv) for __aeabi_uidivmod
    lcd.o(.text) refers to f2d.o(x$fpl$f2d) for __aeabi_f2d
    lcd.o(.text) refers to dleqf.o(x$fpl$dleqf) for __aeabi_cdcmple
    lcd.o(.text) refers to ffixu.o(x$fpl$ffixu) for __aeabi_f2uiz
    lcd.o(.text) refers to fflt_noclz.o(x$fpl$ffltu) for __aeabi_ui2f
    lcd.o(.text) refers to faddsub_noclz.o(x$fpl$frsb) for __aeabi_frsub
    lcd.o(.text) refers to fmul.o(x$fpl$fmul) for __aeabi_fmul
    rtc_main.o(.text) refers to lcd.o(.text) for CmdLCD
    rtc_main.o(.text) refers to delay.o(.text) for delay_ms
    rtc_main.o(.text) refers to kpm.o(.text) for keyscan
    rtc_main.o(.text) refers to rtc_main.o(.data) for ch
    rtc_main.o(.text) refers to rt_memclr_w.o(.text) for __aeabi_memclr4
    rtc_main.o(.text) refers to rt_memcpy_w.o(.text) for __aeabi_memcpy4
    rtc_main.o(.text) refers to adc.o(.text) for Init_ADC
    rtc_main.o(.text) refers to aeabi_sdiv.o(.text) for __aeabi_idivmod
    rtc_main.o(.text) refers to aeabi_sdiv.o(.text_udiv) for __aeabi_uidivmod
    rtc_main.o(.text) refers to fmul.o(x$fpl$fmul) for __aeabi_fmul
    rtc_main.o(.text) refers to faddsub_noclz.o(x$fpl$fadd) for __aeabi_fadd
    rtc_main.o(.text) refers to ffix.o(x$fpl$ffix) for __aeabi_f2iz
    rtc_main.o(.text) refers to gp2xx.o(.text) for ADCValueToDiatance
    rtc_main.o(.text) refers to fflt_noclz.o(x$fpl$fflt) for __aeabi_i2f
    rtc_main.o(.text) refers to rtc_main.o(.constdata) for .constdata
    rtc_main.o(.constdata) refers to rtc_main.o(.conststring) for .conststring
    rtc_main.o(.data) refers to rtc_main.o(.conststring) for .conststring
    adc.o(.text) refers to delay.o(.text) for delay_us
    adc.o(.text) refers to dflt_noclz.o(x$fpl$dfltu) for __aeabi_ui2d
    adc.o(.text) refers to dmul.o(x$fpl$dmul) for __aeabi_dmul
    adc.o(.text) refers to ddiv.o(x$fpl$ddiv) for __aeabi_ddiv
    adc.o(.text) refers to d2f.o(x$fpl$d2f) for __aeabi_d2f
    gp2xx.o(.text) refers to fmul.o(x$fpl$fmul) for __aeabi_fmul
    gp2xx.o(.text) refers to ffixu.o(x$fpl$ffixu) for __aeabi_f2uiz
    gp2xx.o(.text) refers to aeabi_sdiv.o(.text_udiv) for __aeabi_uidivmod
    kpm.o(.text) refers to kpm.o(.data) for KPMLUT
    aeabi_sdiv.o(.text_udiv) refers to aeabi_sdiv.o(.text) for __arm_div2
    aeabi_sdiv_div0.o(.text_udiv) refers to aeabi_sdiv_div0.o(.text) for __arm_div2
    __main.o(!!!main) refers to rtentry.o(.ARM.Collect$$rtentry$$00000000) for __rt_entry
    d2f.o(x$fpl$d2f) refers (Special) to usenofp.o(x$fpl$usenofp) for __I$use$fp
    d2f.o(x$fpl$d2f) refers to fretinf.o(x$fpl$fretinf) for __fpl_fretinf
    d2f.o(x$fpl$d2f) refers to dnaninf.o(x$fpl$dnaninf) for __fpl_dnaninf
    ddiv.o(x$fpl$drdiv) refers (Special) to usenofp.o(x$fpl$usenofp) for __I$use$fp
    ddiv.o(x$fpl$drdiv) refers to ddiv.o(x$fpl$ddiv) for ddiv_entry
    ddiv.o(x$fpl$ddiv) refers (Special) to usenofp.o(x$fpl$usenofp) for __I$use$fp
    ddiv.o(x$fpl$ddiv) refers to dretinf.o(x$fpl$dretinf) for __fpl_dretinf
    ddiv.o(x$fpl$ddiv) refers to dnaninf.o(x$fpl$dnaninf) for __fpl_dnaninf
    dflt_noclz.o(x$fpl$dfltu) refers (Special) to usenofp.o(x$fpl$usenofp) for __I$use$fp
    dflt_noclz.o(x$fpl$dfltu) refers to dflt_noclz.o(x$fpl$dflt) for __dflt_normalise
    dflt_noclz.o(x$fpl$dflt) refers (Special) to usenofp.o(x$fpl$usenofp) for __I$use$fp
    dleqf.o(x$fpl$dleqf) refers (Special) to usenofp.o(x$fpl$usenofp) for __I$use$fp
    dleqf.o(x$fpl$dleqf) refers to dnaninf.o(x$fpl$dnaninf) for __fpl_dnaninf
    dleqf.o(x$fpl$dleqf) refers to dcmpi.o(x$fpl$dcmpinf) for __fpl_dcmp_Inf
    dmul.o(x$fpl$dmul) refers (Special) to usenofp.o(x$fpl$usenofp) for __I$use$fp
    dmul.o(x$fpl$dmul) refers to dretinf.o(x$fpl$dretinf) for __fpl_dretinf
    dmul.o(x$fpl$dmul) refers to dnaninf.o(x$fpl$dnaninf) for __fpl_dnaninf
    f2d.o(x$fpl$f2d) refers (Special) to usenofp.o(x$fpl$usenofp) for __I$use$fp
    f2d.o(x$fpl$f2d) refers to fnaninf.o(x$fpl$fnaninf) for __fpl_fnaninf
    f2d.o(x$fpl$f2d) refers to dretinf.o(x$fpl$dretinf) for __fpl_dretinf
    faddsub_noclz.o(x$fpl$fadd) refers (Special) to usenofp.o(x$fpl$usenofp) for __I$use$fp
    faddsub_noclz.o(x$fpl$fadd) refers to faddsub_noclz.o(x$fpl$fsub) for _fsub1
    faddsub_noclz.o(x$fpl$fadd) refers to fretinf.o(x$fpl$fretinf) for __fpl_fretinf
    faddsub_noclz.o(x$fpl$fadd) refers to fnaninf.o(x$fpl$fnaninf) for __fpl_fnaninf
    faddsub_noclz.o(x$fpl$frsb) refers (Special) to usenofp.o(x$fpl$usenofp) for __I$use$fp
    faddsub_noclz.o(x$fpl$frsb) refers to faddsub_noclz.o(x$fpl$fadd) for _fadd1
    faddsub_noclz.o(x$fpl$frsb) refers to faddsub_noclz.o(x$fpl$fsub) for _fsub1
    faddsub_noclz.o(x$fpl$fsub) refers (Special) to usenofp.o(x$fpl$usenofp) for __I$use$fp
    faddsub_noclz.o(x$fpl$fsub) refers to faddsub_noclz.o(x$fpl$fadd) for _fadd1
    faddsub_noclz.o(x$fpl$fsub) refers to fnaninf.o(x$fpl$fnaninf) for __fpl_fnaninf
    ffix.o(x$fpl$ffix) refers (Special) to usenofp.o(x$fpl$usenofp) for __I$use$fp
    ffix.o(x$fpl$ffix) refers to fnaninf.o(x$fpl$fnaninf) for __fpl_fnaninf
    ffix.o(x$fpl$ffixr) refers (Special) to usenofp.o(x$fpl$usenofp) for __I$use$fp
    ffix.o(x$fpl$ffixr) refers to fnaninf.o(x$fpl$fnaninf) for __fpl_fnaninf
    ffixu.o(x$fpl$ffixu) refers (Special) to usenofp.o(x$fpl$usenofp) for __I$use$fp
    ffixu.o(x$fpl$ffixu) refers to fnaninf.o(x$fpl$fnaninf) for __fpl_fnaninf
    ffixu.o(x$fpl$ffixur) refers (Special) to usenofp.o(x$fpl$usenofp) for __I$use$fp
    ffixu.o(x$fpl$ffixur) refers to fnaninf.o(x$fpl$fnaninf) for __fpl_fnaninf
    fflt_noclz.o(x$fpl$ffltu) refers (Special) to usenofp.o(x$fpl$usenofp) for __I$use$fp
    fflt_noclz.o(x$fpl$ffltu) refers to fflt_noclz.o(x$fpl$fflt) for __fflt_normalise
    fflt_noclz.o(x$fpl$fflt) refers (Special) to usenofp.o(x$fpl$usenofp) for __I$use$fp
    fmul.o(x$fpl$fmul) refers (Special) to usenofp.o(x$fpl$usenofp) for __I$use$fp
    fmul.o(x$fpl$fmul) refers to fretinf.o(x$fpl$fretinf) for __fpl_fretinf
    fmul.o(x$fpl$fmul) refers to fnaninf.o(x$fpl$fnaninf) for __fpl_fnaninf
    rtentry.o(.ARM.Collect$$rtentry$$00000000) refers (Special) to rtentry2.o(.ARM.Collect$$rtentry$$0000000A) for __rt_entry_li
    rtentry.o(.ARM.Collect$$rtentry$$00000000) refers (Special) to rtentry2.o(.ARM.Collect$$rtentry$$0000000D) for __rt_entry_main
    rtentry.o(.ARM.Collect$$rtentry$$00000000) refers (Special) to rtentry2.o(.ARM.Collect$$rtentry$$0000000C) for __rt_entry_postli_1
    rtentry.o(.ARM.Collect$$rtentry$$00000000) refers (Special) to rtentry2.o(.ARM.Collect$$rtentry$$00000009) for __rt_entry_postsh_1
    rtentry.o(.ARM.Collect$$rtentry$$00000000) refers (Special) to rtentry2.o(.ARM.Collect$$rtentry$$00000002) for __rt_entry_presh_1
    rtentry.o(.ARM.Collect$$rtentry$$00000000) refers (Special) to rtentry4.o(.ARM.Collect$$rtentry$$00000004) for __rt_entry_sh
    aeabi_idiv0_sigfpe.o(.text) refers to rt_div0.o(.text) for __rt_div0
    dcmpi.o(x$fpl$dcmpinf) refers (Special) to usenofp.o(x$fpl$usenofp) for __I$use$fp
    dnaninf.o(x$fpl$dnaninf) refers (Special) to usenofp.o(x$fpl$usenofp) for __I$use$fp
    dretinf.o(x$fpl$dretinf) refers (Special) to usenofp.o(x$fpl$usenofp) for __I$use$fp
    fnaninf.o(x$fpl$fnaninf) refers (Special) to usenofp.o(x$fpl$usenofp) for __I$use$fp
    fretinf.o(x$fpl$fretinf) refers (Special) to usenofp.o(x$fpl$usenofp) for __I$use$fp
    rtentry2.o(.ARM.Collect$$rtentry$$00000008) refers to boardinit2.o(.text) for _platform_post_stackheap_init
    rtentry2.o(.ARM.Collect$$rtentry$$0000000A) refers to libinit.o(.ARM.Collect$$libinit$$00000000) for __rt_lib_init
    rtentry2.o(.ARM.Collect$$rtentry$$0000000B) refers to boardinit3.o(.text) for _platform_post_lib_init
    rtentry2.o(.ARM.Collect$$rtentry$$0000000D) refers to exit.o(.text) for exit
    rtentry2.o(.ARM.Collect$$rtentry$$0000000D) refers to rtc_main.o(.text) for main
    rtentry2.o(.ARM.exidx) refers to rtentry2.o(.ARM.Collect$$rtentry$$00000001) for .ARM.Collect$$rtentry$$00000001
    rtentry2.o(.ARM.exidx) refers to rtentry2.o(.ARM.Collect$$rtentry$$00000008) for .ARM.Collect$$rtentry$$00000008
    rtentry2.o(.ARM.exidx) refers to rtentry2.o(.ARM.Collect$$rtentry$$0000000A) for .ARM.Collect$$rtentry$$0000000A
    rtentry2.o(.ARM.exidx) refers to rtentry2.o(.ARM.Collect$$rtentry$$0000000B) for .ARM.Collect$$rtentry$$0000000B
    rtentry2.o(.ARM.exidx) refers to rtentry2.o(.ARM.Collect$$rtentry$$0000000D) for .ARM.Collect$$rtentry$$0000000D
    rtentry4.o(.ARM.Collect$$rtentry$$00000004) refers to sys_stackheap_outer.o(.text) for __user_setup_stackheap
    rtentry4.o(.ARM.exidx) refers to rtentry4.o(.ARM.Collect$$rtentry$$00000004) for .ARM.Collect$$rtentry$$00000004
    rt_div0.o(.text) refers to defsig_fpe_outer.o(.text) for __rt_SIGFPE
    sys_stackheap_outer.o(.text) refers to libspace.o(.text) for __user_perproc_libspace
    sys_stackheap_outer.o(.text) refers to startup.o(.text) for __user_initial_stackheap
    exit.o(.text) refers to rtexit.o(.ARM.Collect$$rtexit$$00000000) for __rt_exit
    defsig_fpe_outer.o(.text) refers to defsig_fpe_inner.o(.text) for __rt_SIGFPE_inner
    defsig_fpe_outer.o(.text) refers to defsig_exit.o(.text) for __sig_exit
    defsig_fpe_formal.o(.text) refers to rt_raise.o(.text) for __rt_raise
    libinit.o(.ARM.Collect$$libinit$$00000000) refers (Special) to libinit2.o(.ARM.Collect$$libinit$$0000002C) for __rt_lib_init_alloca_1
    libinit.o(.ARM.Collect$$libinit$$00000000) refers (Special) to libinit2.o(.ARM.Collect$$libinit$$0000002A) for __rt_lib_init_argv_1
    libinit.o(.ARM.Collect$$libinit$$00000000) refers (Special) to libinit2.o(.ARM.Collect$$libinit$$00000019) for __rt_lib_init_atexit_1
    libinit.o(.ARM.Collect$$libinit$$00000000) refers (Special) to libinit2.o(.ARM.Collect$$libinit$$0000001F) for __rt_lib_init_clock_1
    libinit.o(.ARM.Collect$$libinit$$00000000) refers (Special) to libinit2.o(.ARM.Collect$$libinit$$00000030) for __rt_lib_init_cpp_1
    libinit.o(.ARM.Collect$$libinit$$00000000) refers (Special) to libinit2.o(.ARM.Collect$$libinit$$0000002E) for __rt_lib_init_exceptions_1
    libinit.o(.ARM.Collect$$libinit$$00000000) refers (Special) to libinit2.o(.ARM.Collect$$libinit$$00000002) for __rt_lib_init_fp_1
    libinit.o(.ARM.Collect$$libinit$$00000000) refers (Special) to libinit2.o(.ARM.Collect$$libinit$$0000001D) for __rt_lib_init_fp_trap_1
    libinit.o(.ARM.Collect$$libinit$$00000000) refers (Special) to libinit2.o(.ARM.Collect$$libinit$$00000021) for __rt_lib_init_getenv_1
    libinit.o(.ARM.Collect$$libinit$$00000000) refers (Special) to libinit2.o(.ARM.Collect$$libinit$$00000008) for __rt_lib_init_heap_1
    libinit.o(.ARM.Collect$$libinit$$00000000) refers (Special) to libinit2.o(.ARM.Collect$$libinit$$0000000F) for __rt_lib_init_lc_collate_1
    libinit.o(.ARM.Collect$$libinit$$00000000) refers (Special) to libinit2.o(.ARM.Collect$$libinit$$00000011) for __rt_lib_init_lc_ctype_1
    libinit.o(.ARM.Collect$$libinit$$00000000) refers (Special) to libinit2.o(.ARM.Collect$$libinit$$00000013) for __rt_lib_init_lc_monetary_1
    libinit.o(.ARM.Collect$$libinit$$00000000) refers (Special) to libinit2.o(.ARM.Collect$$libinit$$00000015) for __rt_lib_init_lc_numeric_1
    libinit.o(.ARM.Collect$$libinit$$00000000) refers (Special) to libinit2.o(.ARM.Collect$$libinit$$00000017) for __rt_lib_init_lc_time_1
    libinit.o(.ARM.Collect$$libinit$$00000000) refers (Special) to libinit2.o(.ARM.Collect$$libinit$$0000000C) for __rt_lib_init_rand_1
    libinit.o(.ARM.Collect$$libinit$$00000000) refers (Special) to libinit2.o(.ARM.Collect$$libinit$$00000031) for __rt_lib_init_return
    libinit.o(.ARM.Collect$$libinit$$00000000) refers (Special) to libinit2.o(.ARM.Collect$$libinit$$0000001B) for __rt_lib_init_signal_1
    libinit.o(.ARM.Collect$$libinit$$00000000) refers (Special) to libinit2.o(.ARM.Collect$$libinit$$00000023) for __rt_lib_init_stdio_1
    libinit.o(.ARM.Collect$$libinit$$00000000) refers (Special) to libinit2.o(.ARM.Collect$$libinit$$0000000A) for __rt_lib_init_user_alloc_1
    libspace.o(.text) refers to libspace.o(.bss) for __libspace_start
    rtexit.o(.ARM.Collect$$rtexit$$00000000) refers (Special) to rtexit2.o(.ARM.Collect$$rtexit$$00000004) for __rt_exit_exit
    rtexit.o(.ARM.Collect$$rtexit$$00000000) refers (Special) to rtexit2.o(.ARM.Collect$$rtexit$$00000003) for __rt_exit_ls
    rtexit.o(.ARM.Collect$$rtexit$$00000000) refers (Special) to rtexit2.o(.ARM.Collect$$rtexit$$00000002) for __rt_exit_prels_1
    rtexit.o(.ARM.exidx) refers (Special) to rtexit2.o(.ARM.Collect$$rtexit$$00000004) for __rt_exit_exit
    rtexit.o(.ARM.exidx) refers (Special) to rtexit2.o(.ARM.Collect$$rtexit$$00000003) for __rt_exit_ls
    rtexit.o(.ARM.exidx) refers (Special) to rtexit2.o(.ARM.Collect$$rtexit$$00000002) for __rt_exit_prels_1
    rtexit.o(.ARM.exidx) refers to rtexit.o(.ARM.Collect$$rtexit$$00000000) for .ARM.Collect$$rtexit$$00000000
    rt_raise.o(.text) refers to __raise.o(.text) for __raise
    rt_raise.o(.text) refers to sys_exit.o(.text) for _sys_exit
    defsig_exit.o(.text) refers to sys_exit.o(.text) for _sys_exit
    defsig_fpe_inner.o(.text) refers to defsig_general.o(.text) for __default_signal_display
    libinit2.o(.ARM.Collect$$libinit$$00000001) refers to fpinit.o(x$fpl$fpinit) for _fp_init
    libinit2.o(.ARM.Collect$$libinit$$0000000E) refers to libinit2.o(.ARM.Collect$$libinit$$0000000D) for .ARM.Collect$$libinit$$0000000D
    libinit2.o(.ARM.Collect$$libinit$$00000010) refers to libinit2.o(.ARM.Collect$$libinit$$0000000D) for .ARM.Collect$$libinit$$0000000D
    libinit2.o(.ARM.Collect$$libinit$$00000012) refers to libinit2.o(.ARM.Collect$$libinit$$0000000D) for .ARM.Collect$$libinit$$0000000D
    libinit2.o(.ARM.Collect$$libinit$$00000014) refers to libinit2.o(.ARM.Collect$$libinit$$0000000D) for .ARM.Collect$$libinit$$0000000D
    libinit2.o(.ARM.Collect$$libinit$$00000016) refers to libinit2.o(.ARM.Collect$$libinit$$0000000D) for .ARM.Collect$$libinit$$0000000D
    libinit2.o(.ARM.Collect$$libinit$$00000024) refers to argv_veneer.o(.emb_text) for __ARM_argv_veneer
    libinit2.o(.ARM.Collect$$libinit$$00000025) refers to argv_veneer.o(.emb_text) for __ARM_argv_veneer
    sys_exit.o(.text) refers (Special) to use_no_semi.o(.text) for __I$use$semihosting
    sys_exit.o(.text) refers (Special) to indicate_semi.o(.text) for __semihosting_library_function
    rtexit2.o(.ARM.Collect$$rtexit$$00000003) refers to libshutdown.o(.ARM.Collect$$libshutdown$$00000000) for __rt_lib_shutdown
    rtexit2.o(.ARM.Collect$$rtexit$$00000004) refers to sys_exit.o(.text) for _sys_exit
    rtexit2.o(.ARM.exidx) refers to rtexit2.o(.ARM.Collect$$rtexit$$00000001) for .ARM.Collect$$rtexit$$00000001
    rtexit2.o(.ARM.exidx) refers to rtexit2.o(.ARM.Collect$$rtexit$$00000003) for .ARM.Collect$$rtexit$$00000003
    rtexit2.o(.ARM.exidx) refers to rtexit2.o(.ARM.Collect$$rtexit$$00000004) for .ARM.Collect$$rtexit$$00000004
    __raise.o(.text) refers to __raise.o(i.__ARM_common_call_via_r2) for __ARM_common_call_via_r2
    __raise.o(.text) refers to defsig.o(CL$$defsig) for __default_signal_handler
    defsig_general.o(.text) refers to sys_wrch.o(.text) for _ttywrch
    argv_veneer.o(.emb_text) refers to no_argv.o(.text) for __ARM_get_argv
    sys_wrch.o(.text) refers (Special) to use_no_semi.o(.text) for __I$use$semihosting
    sys_wrch.o(.text) refers (Special) to indicate_semi.o(.text) for __semihosting_library_function
    defsig.o(CL$$defsig) refers to defsig_fpe_inner.o(.text) for __rt_SIGFPE_inner
    defsig.o(CL$$defsig) refers to defsig_rtmem_inner.o(.text) for __rt_SIGRTMEM_inner
    _get_argv_nomalloc.o(.text) refers (Special) to hrguard.o(.text) for __heap_region$guard
    _get_argv_nomalloc.o(.text) refers to defsig_rtmem_outer.o(.text) for __rt_SIGRTMEM
    _get_argv_nomalloc.o(.text) refers to sys_command.o(.text) for _sys_command_string
    libshutdown.o(.ARM.Collect$$libshutdown$$00000000) refers (Special) to libshutdown2.o(.ARM.Collect$$libshutdown$$00000006) for __rt_lib_shutdown_fp_trap_1
    libshutdown.o(.ARM.Collect$$libshutdown$$00000000) refers (Special) to libshutdown2.o(.ARM.Collect$$libshutdown$$0000000E) for __rt_lib_shutdown_heap_1
    libshutdown.o(.ARM.Collect$$libshutdown$$00000000) refers (Special) to libshutdown2.o(.ARM.Collect$$libshutdown$$0000000F) for __rt_lib_shutdown_return
    libshutdown.o(.ARM.Collect$$libshutdown$$00000000) refers (Special) to libshutdown2.o(.ARM.Collect$$libshutdown$$00000009) for __rt_lib_shutdown_signal_1
    libshutdown.o(.ARM.Collect$$libshutdown$$00000000) refers (Special) to libshutdown2.o(.ARM.Collect$$libshutdown$$00000003) for __rt_lib_shutdown_stdio_1
    libshutdown.o(.ARM.Collect$$libshutdown$$00000000) refers (Special) to libshutdown2.o(.ARM.Collect$$libshutdown$$0000000B) for __rt_lib_shutdown_user_alloc_1
    sys_command.o(.text) refers (Special) to use_no_semi.o(.text) for __I$use$semihosting
    sys_command.o(.text) refers (Special) to indicate_semi.o(.text) for __semihosting_library_function
    defsig_abrt_inner.o(.text) refers to defsig_general.o(.text) for __default_signal_display
    defsig_rtred_inner.o(.text) refers to defsig_general.o(.text) for __default_signal_display
    defsig_rtmem_inner.o(.text) refers to defsig_general.o(.text) for __default_signal_display
    defsig_rtmem_outer.o(.text) refers to defsig_rtmem_inner.o(.text) for __rt_SIGRTMEM_inner
    defsig_rtmem_outer.o(.text) refers to defsig_exit.o(.text) for __sig_exit
    defsig_rtmem_formal.o(.text) refers to rt_raise.o(.text) for __rt_raise
    defsig_stak_inner.o(.text) refers to defsig_general.o(.text) for __default_signal_display
    defsig_pvfn_inner.o(.text) refers to defsig_general.o(.text) for __default_signal_display
    defsig_cppl_inner.o(.text) refers to defsig_general.o(.text) for __default_signal_display
    defsig_segv_inner.o(.text) refers to defsig_general.o(.text) for __default_signal_display
    defsig_other.o(.text) refers to defsig_general.o(.text) for __default_signal_display


==============================================================================

Removing Unused input sections from the image.

    Removing startup.o(RESET), (272 bytes).

1 unused section(s) (total 272 bytes) removed from the image.

==============================================================================

Adding Veneers to the image

    Adding AT veneer (8 bytes, Inline) for call to '__rt_lib_init' from rtentry2.o(.ARM.Collect$$rtentry$$0000000A).
    Adding AT veneer (8 bytes, Inline) for call to '__rt_lib_shutdown' from rtexit2.o(.ARM.Collect$$rtexit$$00000003).
    Adding TA veneer (4 bytes, Inline) for call to '__rt_exit' from exit.o(.text).
    Adding AT veneer (8 bytes, Inline) for call to '_sys_exit' from rtexit2.o(.ARM.Collect$$rtexit$$00000004).

4 Veneer(s) (total 28 bytes) added to the image.

==============================================================================

Image Symbol Table

    Local Symbols

    Symbol Name                              Value     Ov Type        Size  Object(Section)

    !!!main                                  0x00000000   Section        8  __main.o(!!!main)
    ../clib/angel/boardlib.s                 0x00000000   Number         0  boardinit3.o ABSOLUTE
    ../clib/angel/boardlib.s                 0x00000000   Number         0  boardinit2.o ABSOLUTE
    ../clib/angel/boardlib.s                 0x00000000   Number         0  boardinit1.o ABSOLUTE
    ../clib/angel/boardlib.s                 0x00000000   Number         0  boardshut.o ABSOLUTE
    ../clib/angel/dczerorl.s                 0x00000000   Number         0  __dczerorl.o ABSOLUTE
    ../clib/angel/handlers.s                 0x00000000   Number         0  __scatter_zi.o ABSOLUTE
    ../clib/angel/kernel.s                   0x00000000   Number         0  rtexit.o ABSOLUTE
    ../clib/angel/kernel.s                   0x00000000   Number         0  rtexit2.o ABSOLUTE
    ../clib/angel/kernel.s                   0x00000000   Number         0  rtentry2.o ABSOLUTE
    ../clib/angel/kernel.s                   0x00000000   Number         0  rtentry.o ABSOLUTE
    ../clib/angel/kernel.s                   0x00000000   Number         0  rtentry4.o ABSOLUTE
    ../clib/angel/rt.s                       0x00000000   Number         0  rt_div0.o ABSOLUTE
    ../clib/angel/rt.s                       0x00000000   Number         0  rt_raise.o ABSOLUTE
    ../clib/angel/rt.s                       0x00000000   Number         0  aeabi_idiv0.o ABSOLUTE
    ../clib/angel/rt.s                       0x00000000   Number         0  aeabi_idiv0_sigfpe.o ABSOLUTE
    ../clib/angel/scatter.s                  0x00000000   Number         0  __scatter.o ABSOLUTE
    ../clib/angel/startup.s                  0x00000000   Number         0  __main.o ABSOLUTE
    ../clib/angel/sys.s                      0x00000000   Number         0  indicate_semi.o ABSOLUTE
    ../clib/angel/sys.s                      0x00000000   Number         0  libspace.o ABSOLUTE
    ../clib/angel/sys.s                      0x00000000   Number         0  use_no_semi.o ABSOLUTE
    ../clib/angel/sys.s                      0x00000000   Number         0  sys_stackheap_outer.o ABSOLUTE
    ../clib/angel/sysapp.c                   0x00000000   Number         0  sys_exit.o ABSOLUTE
    ../clib/angel/sysapp.c                   0x00000000   Number         0  sys_wrch.o ABSOLUTE
    ../clib/angel/sysapp.c                   0x00000000   Number         0  sys_command.o ABSOLUTE
    ../clib/armsys.c                         0x00000000   Number         0  argv_veneer.o ABSOLUTE
    ../clib/armsys.c                         0x00000000   Number         0  _get_argv_nomalloc.o ABSOLUTE
    ../clib/armsys.c                         0x00000000   Number         0  no_argv.o ABSOLUTE
    ../clib/armsys.c                         0x00000000   Number         0  argv_veneer.o ABSOLUTE
    ../clib/division.s                       0x00000000   Number         0  aeabi_sdiv_div0.o ABSOLUTE
    ../clib/division.s                       0x00000000   Number         0  aeabi_sdiv.o ABSOLUTE
    ../clib/divrt.s                          0x00000000   Number         0  divrt_7tdmi.o ABSOLUTE
    ../clib/divrt.s                          0x00000000   Number         0  divrt_7tdmi_div0.o ABSOLUTE
    ../clib/heapalloc.c                      0x00000000   Number         0  hrguard.o ABSOLUTE
    ../clib/heapaux.c                        0x00000000   Number         0  heapauxi.o ABSOLUTE
    ../clib/libinit.s                        0x00000000   Number         0  libshutdown2.o ABSOLUTE
    ../clib/libinit.s                        0x00000000   Number         0  libinit.o ABSOLUTE
    ../clib/libinit.s                        0x00000000   Number         0  libshutdown.o ABSOLUTE
    ../clib/libinit.s                        0x00000000   Number         0  libinit2.o ABSOLUTE
    ../clib/memcpset.s                       0x00000000   Number         0  rt_memclr_w.o ABSOLUTE
    ../clib/memcpset.s                       0x00000000   Number         0  rt_memcpy_w.o ABSOLUTE
    ../clib/signal.c                         0x00000000   Number         0  defsig_rtmem_inner.o ABSOLUTE
    ../clib/signal.c                         0x00000000   Number         0  defsig_stak_inner.o ABSOLUTE
    ../clib/signal.c                         0x00000000   Number         0  defsig_pvfn_inner.o ABSOLUTE
    ../clib/signal.c                         0x00000000   Number         0  defsig_rtred_inner.o ABSOLUTE
    ../clib/signal.c                         0x00000000   Number         0  defsig_cppl_inner.o ABSOLUTE
    ../clib/signal.c                         0x00000000   Number         0  defsig_other.o ABSOLUTE
    ../clib/signal.c                         0x00000000   Number         0  defsig_rtmem_outer.o ABSOLUTE
    ../clib/signal.c                         0x00000000   Number         0  defsig_general.o ABSOLUTE
    ../clib/signal.c                         0x00000000   Number         0  defsig_segv_inner.o ABSOLUTE
    ../clib/signal.c                         0x00000000   Number         0  defsig_fpe_formal.o ABSOLUTE
    ../clib/signal.c                         0x00000000   Number         0  defsig_fpe_outer.o ABSOLUTE
    ../clib/signal.c                         0x00000000   Number         0  defsig_abrt_inner.o ABSOLUTE
    ../clib/signal.c                         0x00000000   Number         0  __raise.o ABSOLUTE
    ../clib/signal.c                         0x00000000   Number         0  defsig_rtmem_formal.o ABSOLUTE
    ../clib/signal.c                         0x00000000   Number         0  defsig_exit.o ABSOLUTE
    ../clib/signal.c                         0x00000000   Number         0  defsig_fpe_inner.o ABSOLUTE
    ../clib/signal.s                         0x00000000   Number         0  defsig.o ABSOLUTE
    ../clib/stdlib.c                         0x00000000   Number         0  exit.o ABSOLUTE
    ../fplib/d2f.s                           0x00000000   Number         0  d2f.o ABSOLUTE
    ../fplib/dcmpi.s                         0x00000000   Number         0  dcmpi.o ABSOLUTE
    ../fplib/ddiv.s                          0x00000000   Number         0  ddiv.o ABSOLUTE
    ../fplib/dflt.s                          0x00000000   Number         0  dflt_noclz.o ABSOLUTE
    ../fplib/dleqf.s                         0x00000000   Number         0  dleqf.o ABSOLUTE
    ../fplib/dmul.s                          0x00000000   Number         0  dmul.o ABSOLUTE
    ../fplib/dnaninf.s                       0x00000000   Number         0  dnaninf.o ABSOLUTE
    ../fplib/dretinf.s                       0x00000000   Number         0  dretinf.o ABSOLUTE
    ../fplib/f2d.s                           0x00000000   Number         0  f2d.o ABSOLUTE
    ../fplib/faddsub.s                       0x00000000   Number         0  faddsub_noclz.o ABSOLUTE
    ../fplib/ffix.s                          0x00000000   Number         0  ffix.o ABSOLUTE
    ../fplib/ffixu.s                         0x00000000   Number         0  ffixu.o ABSOLUTE
    ../fplib/fflt.s                          0x00000000   Number         0  fflt_noclz.o ABSOLUTE
    ../fplib/fmul.s                          0x00000000   Number         0  fmul.o ABSOLUTE
    ../fplib/fnaninf.s                       0x00000000   Number         0  fnaninf.o ABSOLUTE
    ../fplib/fpinit.s                        0x00000000   Number         0  fpinit.o ABSOLUTE
    ../fplib/fretinf.s                       0x00000000   Number         0  fretinf.o ABSOLUTE
    ../fplib/usenofp.s                       0x00000000   Number         0  usenofp.o ABSOLUTE
    ADC.c                                    0x00000000   Number         0  adc.o ABSOLUTE
    LCD.c                                    0x00000000   Number         0  lcd.o ABSOLUTE
    Startup.s                                0x00000000   Number         0  startup.o ABSOLUTE
    dc.s                                     0x00000000   Number         0  dc.o ABSOLUTE
    delay.c                                  0x00000000   Number         0  delay.o ABSOLUTE
    gp2xx.c                                  0x00000000   Number         0  gp2xx.o ABSOLUTE
    kpm.c                                    0x00000000   Number         0  kpm.o ABSOLUTE
    rtc_main.c                               0x00000000   Number         0  rtc_main.o ABSOLUTE
    !!!scatter                               0x00000008   Section       60  __scatter.o(!!!scatter)
    !!dczerorl                               0x00000044   Section       68  __dczerorl.o(!!dczerorl)
    !!handler_zi                             0x00000088   Section       44  __scatter_zi.o(!!handler_zi)
    .ARM.Collect$$libinit$$00000000          0x000000bc   Section        2  libinit.o(.ARM.Collect$$libinit$$00000000)
    .ARM.Collect$$libinit$$00000002          0x000000be   Section        0  libinit2.o(.ARM.Collect$$libinit$$00000002)
    .ARM.Collect$$libinit$$00000008          0x000000be   Section        0  libinit2.o(.ARM.Collect$$libinit$$00000008)
    .ARM.Collect$$libinit$$0000000A          0x000000be   Section        0  libinit2.o(.ARM.Collect$$libinit$$0000000A)
    .ARM.Collect$$libinit$$0000000C          0x000000be   Section        0  libinit2.o(.ARM.Collect$$libinit$$0000000C)
    .ARM.Collect$$libinit$$0000000F          0x000000be   Section        0  libinit2.o(.ARM.Collect$$libinit$$0000000F)
    .ARM.Collect$$libinit$$00000011          0x000000be   Section        0  libinit2.o(.ARM.Collect$$libinit$$00000011)
    .ARM.Collect$$libinit$$00000013          0x000000be   Section        0  libinit2.o(.ARM.Collect$$libinit$$00000013)
    .ARM.Collect$$libinit$$00000015          0x000000be   Section        0  libinit2.o(.ARM.Collect$$libinit$$00000015)
    .ARM.Collect$$libinit$$00000017          0x000000be   Section        0  libinit2.o(.ARM.Collect$$libinit$$00000017)
    .ARM.Collect$$libinit$$00000019          0x000000be   Section        0  libinit2.o(.ARM.Collect$$libinit$$00000019)
    .ARM.Collect$$libinit$$0000001B          0x000000be   Section        0  libinit2.o(.ARM.Collect$$libinit$$0000001B)
    .ARM.Collect$$libinit$$0000001D          0x000000be   Section        0  libinit2.o(.ARM.Collect$$libinit$$0000001D)
    .ARM.Collect$$libinit$$0000001F          0x000000be   Section        0  libinit2.o(.ARM.Collect$$libinit$$0000001F)
    .ARM.Collect$$libinit$$00000021          0x000000be   Section        0  libinit2.o(.ARM.Collect$$libinit$$00000021)
    .ARM.Collect$$libinit$$00000023          0x000000be   Section        0  libinit2.o(.ARM.Collect$$libinit$$00000023)
    .ARM.Collect$$libinit$$0000002A          0x000000be   Section        0  libinit2.o(.ARM.Collect$$libinit$$0000002A)
    .ARM.Collect$$libinit$$0000002C          0x000000be   Section        0  libinit2.o(.ARM.Collect$$libinit$$0000002C)
    .ARM.Collect$$libinit$$0000002E          0x000000be   Section        0  libinit2.o(.ARM.Collect$$libinit$$0000002E)
    .ARM.Collect$$libinit$$00000030          0x000000be   Section        0  libinit2.o(.ARM.Collect$$libinit$$00000030)
    .ARM.Collect$$libinit$$00000031          0x000000be   Section       12  libinit2.o(.ARM.Collect$$libinit$$00000031)
    .ARM.Collect$$libshutdown$$00000000      0x000000d4   Section        4  libshutdown.o(.ARM.Collect$$libshutdown$$00000000)
    .ARM.Collect$$libshutdown$$00000003      0x000000d8   Section        0  libshutdown2.o(.ARM.Collect$$libshutdown$$00000003)
    .ARM.Collect$$libshutdown$$00000006      0x000000d8   Section        0  libshutdown2.o(.ARM.Collect$$libshutdown$$00000006)
    .ARM.Collect$$libshutdown$$00000009      0x000000d8   Section        0  libshutdown2.o(.ARM.Collect$$libshutdown$$00000009)
    .ARM.Collect$$libshutdown$$0000000B      0x000000d8   Section        0  libshutdown2.o(.ARM.Collect$$libshutdown$$0000000B)
    .ARM.Collect$$libshutdown$$0000000E      0x000000d8   Section        0  libshutdown2.o(.ARM.Collect$$libshutdown$$0000000E)
    .ARM.Collect$$libshutdown$$0000000F      0x000000d8   Section        6  libshutdown2.o(.ARM.Collect$$libshutdown$$0000000F)
    .ARM.Collect$$rtentry$$00000000          0x000000e0   Section        0  rtentry.o(.ARM.Collect$$rtentry$$00000000)
    .ARM.Collect$$rtentry$$00000002          0x000000e0   Section        0  rtentry2.o(.ARM.Collect$$rtentry$$00000002)
    .ARM.Collect$$rtentry$$00000004          0x000000e0   Section        8  rtentry4.o(.ARM.Collect$$rtentry$$00000004)
    .ARM.Collect$$rtentry$$00000009          0x000000e8   Section        0  rtentry2.o(.ARM.Collect$$rtentry$$00000009)
    .ARM.Collect$$rtentry$$0000000A          0x000000e8   Section        4  rtentry2.o(.ARM.Collect$$rtentry$$0000000A)
    .ARM.Collect$$rtentry$$0000000C          0x000000ec   Section        0  rtentry2.o(.ARM.Collect$$rtentry$$0000000C)
    .ARM.Collect$$rtentry$$0000000D          0x000000ec   Section       40  rtentry2.o(.ARM.Collect$$rtentry$$0000000D)
    .ARM.Collect$$rtexit$$00000000           0x00000118   Section        4  rtexit.o(.ARM.Collect$$rtexit$$00000000)
    .ARM.Collect$$rtexit$$00000002           0x0000011c   Section        0  rtexit2.o(.ARM.Collect$$rtexit$$00000002)
    .ARM.Collect$$rtexit$$00000003           0x0000011c   Section        4  rtexit2.o(.ARM.Collect$$rtexit$$00000003)
    .ARM.Collect$$rtexit$$00000004           0x00000120   Section        8  rtexit2.o(.ARM.Collect$$rtexit$$00000004)
    .text                                    0x00000128   Section       32  startup.o(.text)
    .text                                    0x00000148   Section        0  delay.o(.text)
    .text                                    0x000001a4   Section        0  lcd.o(.text)
    .text                                    0x00000530   Section        0  rtc_main.o(.text)
    .text                                    0x0000114c   Section        0  adc.o(.text)
    .text                                    0x00001230   Section        0  gp2xx.o(.text)
    .text                                    0x000012c8   Section        0  kpm.o(.text)
    .text                                    0x0000149c   Section      100  rt_memcpy_w.o(.text)
    .text                                    0x00001500   Section       84  rt_memclr_w.o(.text)
    .text                                    0x00001554   Section      384  aeabi_sdiv.o(.text)
    __arm_div8                               0x00001580   ARM Code       0  aeabi_sdiv.o(.text)
    __arm_div5                               0x000015a4   ARM Code       0  aeabi_sdiv.o(.text)
    __arm_div2                               0x000015c8   ARM Code       0  aeabi_sdiv.o(.text)
    __arm_div_large                          0x00001604   ARM Code       0  aeabi_sdiv.o(.text)
    .text                                    0x000016d4   Section        0  heapauxi.o(.text)
    .text                                    0x000016dc   Section       96  sys_stackheap_outer.o(.text)
    .text                                    0x0000173c   Section        0  exit.o(.text)
    .text                                    0x00001748   Section       12  libspace.o(.text)
    .text                                    0x0000175c   Section        0  sys_exit.o(.text)
    .text                                    0x00001768   Section        4  use_no_semi.o(.text)
    .text                                    0x0000176c   Section        0  indicate_semi.o(.text)
    .text_udiv                               0x0000176c   Section       36  aeabi_sdiv.o(.text_udiv)
    x$fpl$d2f                                0x00001790   Section      108  d2f.o(x$fpl$d2f)
    x$fpl$dcmpinf                            0x000017fc   Section       28  dcmpi.o(x$fpl$dcmpinf)
    x$fpl$ddiv                               0x00001818   Section      736  ddiv.o(x$fpl$ddiv)
    ddiv_entry                               0x00001820   ARM Code       0  ddiv.o(x$fpl$ddiv)
    x$fpl$dflt                               0x00001af8   Section       88  dflt_noclz.o(x$fpl$dflt)
    x$fpl$dfltu                              0x00001b50   Section       12  dflt_noclz.o(x$fpl$dfltu)
    x$fpl$dleqf                              0x00001b5c   Section      148  dleqf.o(x$fpl$dleqf)
    x$fpl$dmul                               0x00001bf0   Section      384  dmul.o(x$fpl$dmul)
    x$fpl$dnaninf                            0x00001d70   Section      192  dnaninf.o(x$fpl$dnaninf)
    x$fpl$dretinf                            0x00001e30   Section       16  dretinf.o(x$fpl$dretinf)
    x$fpl$f2d                                0x00001e40   Section      100  f2d.o(x$fpl$f2d)
    x$fpl$fadd                               0x00001ea4   Section      196  faddsub_noclz.o(x$fpl$fadd)
    _fadd1                                   0x00001eb0   ARM Code       0  faddsub_noclz.o(x$fpl$fadd)
    x$fpl$ffix                               0x00001f68   Section       68  ffix.o(x$fpl$ffix)
    x$fpl$ffixu                              0x00001fac   Section       84  ffixu.o(x$fpl$ffixu)
    x$fpl$fflt                               0x00002000   Section       92  fflt_noclz.o(x$fpl$fflt)
    x$fpl$ffltu                              0x0000205c   Section        8  fflt_noclz.o(x$fpl$ffltu)
    x$fpl$fmul                               0x00002064   Section      256  fmul.o(x$fpl$fmul)
    x$fpl$fnaninf                            0x00002164   Section      168  fnaninf.o(x$fpl$fnaninf)
    x$fpl$fretinf                            0x0000220c   Section       16  fretinf.o(x$fpl$fretinf)
    x$fpl$frsb                               0x0000221c   Section       20  faddsub_noclz.o(x$fpl$frsb)
    x$fpl$fsub                               0x00002230   Section      304  faddsub_noclz.o(x$fpl$fsub)
    _fsub1                                   0x0000223c   ARM Code       0  faddsub_noclz.o(x$fpl$fsub)
    .constdata                               0x00002360   Section       32  rtc_main.o(.constdata)
    x$fpl$usenofp                            0x00002360   Section        0  usenofp.o(x$fpl$usenofp)
    .conststring                             0x00002380   Section       76  rtc_main.o(.conststring)
    .data                                    0x40000000   Section      288  rtc_main.o(.data)
    .data                                    0x40000120   Section       16  kpm.o(.data)
    .bss                                     0x40000130   Section       96  libspace.o(.bss)
    HEAP                                     0x40000190   Section        0  startup.o(HEAP)
    STACK                                    0x40000190   Section     1160  startup.o(STACK)
    Heap_Mem                                 0x40000190   Data           0  startup.o(HEAP)
    Stack_Mem                                0x40000190   Data        1024  startup.o(STACK)
    Stack_Top                                0x40000618   Data           0  startup.o(STACK)

    Global Symbols

    Symbol Name                              Value     Ov Type        Size  Object(Section)

    BuildAttributes$$THM_ISAv1$ARM_ISAv4$S$PE$A:L22$X:L11$S22$IEEE1$IW$USESV6$~STKCKD$USESV7$~SHL$OSPACE$ROPI$EBA8$UX$STANDARDLIB$REQ8$PRES8$EABIv2 0x00000000   Number         0  anon$$obj.o ABSOLUTE
    __ARM_use_no_argv                        0x00000000   Number         0  rtc_main.o ABSOLUTE
    __main                                   0x00000000   ARM Code       8  __main.o(!!!main)
    __ARM_exceptions_init                     - Undefined Weak Reference
    __alloca_initialize                       - Undefined Weak Reference
    __cpp_initialize__aeabi_                  - Undefined Weak Reference
    __cxa_finalize                            - Undefined Weak Reference
    __rt_locale                               - Undefined Weak Reference
    __sigvec_lookup                           - Undefined Weak Reference
    _atexit_init                              - Undefined Weak Reference
    _call_atexit_fns                          - Undefined Weak Reference
    _clock_init                               - Undefined Weak Reference
    _fp_trap_init                             - Undefined Weak Reference
    _fp_trap_shutdown                         - Undefined Weak Reference
    _get_lc_collate                           - Undefined Weak Reference
    _get_lc_ctype                             - Undefined Weak Reference
    _get_lc_monetary                          - Undefined Weak Reference
    _get_lc_numeric                           - Undefined Weak Reference
    _get_lc_time                              - Undefined Weak Reference
    _getenv_init                              - Undefined Weak Reference
    _handle_redirection                       - Undefined Weak Reference
    _init_alloc                               - Undefined Weak Reference
    _init_user_alloc                          - Undefined Weak Reference
    _initio                                   - Undefined Weak Reference
    _rand_init                                - Undefined Weak Reference
    _signal_finish                            - Undefined Weak Reference
    _signal_init                              - Undefined Weak Reference
    _terminate_alloc                          - Undefined Weak Reference
    _terminate_user_alloc                     - Undefined Weak Reference
    _terminateio                              - Undefined Weak Reference
    __scatterload                            0x00000008   ARM Code       0  __scatter.o(!!!scatter)
    __scatterload_rt2                        0x00000008   ARM Code      52  __scatter.o(!!!scatter)
    __scatterload_null                       0x0000001c   ARM Code       0  __scatter.o(!!!scatter)
    __decompress                             0x00000044   ARM Code      68  __dczerorl.o(!!dczerorl)
    __decompress0                            0x00000044   ARM Code       0  __dczerorl.o(!!dczerorl)
    __scatterload_zeroinit                   0x00000088   ARM Code      44  __scatter_zi.o(!!handler_zi)
    Inline ARM to Thumb Veneer to __rt_lib_init 0x000000b4   ARM Code       8  libinit.o(.ARM.Collect$$libinit$$00000000)
    __rt_lib_init                            0x000000bd   Thumb Code     0  libinit.o(.ARM.Collect$$libinit$$00000000)
    __rt_lib_init_alloca_1                   0x000000bf   Thumb Code     0  libinit2.o(.ARM.Collect$$libinit$$0000002C)
    __rt_lib_init_argv_1                     0x000000bf   Thumb Code     0  libinit2.o(.ARM.Collect$$libinit$$0000002A)
    __rt_lib_init_atexit_1                   0x000000bf   Thumb Code     0  libinit2.o(.ARM.Collect$$libinit$$00000019)
    __rt_lib_init_clock_1                    0x000000bf   Thumb Code     0  libinit2.o(.ARM.Collect$$libinit$$0000001F)
    __rt_lib_init_cpp_1                      0x000000bf   Thumb Code     0  libinit2.o(.ARM.Collect$$libinit$$00000030)
    __rt_lib_init_exceptions_1               0x000000bf   Thumb Code     0  libinit2.o(.ARM.Collect$$libinit$$0000002E)
    __rt_lib_init_fp_1                       0x000000bf   Thumb Code     0  libinit2.o(.ARM.Collect$$libinit$$00000002)
    __rt_lib_init_fp_trap_1                  0x000000bf   Thumb Code     0  libinit2.o(.ARM.Collect$$libinit$$0000001D)
    __rt_lib_init_getenv_1                   0x000000bf   Thumb Code     0  libinit2.o(.ARM.Collect$$libinit$$00000021)
    __rt_lib_init_heap_1                     0x000000bf   Thumb Code     0  libinit2.o(.ARM.Collect$$libinit$$00000008)
    __rt_lib_init_lc_collate_1               0x000000bf   Thumb Code     0  libinit2.o(.ARM.Collect$$libinit$$0000000F)
    __rt_lib_init_lc_ctype_1                 0x000000bf   Thumb Code     0  libinit2.o(.ARM.Collect$$libinit$$00000011)
    __rt_lib_init_lc_monetary_1              0x000000bf   Thumb Code     0  libinit2.o(.ARM.Collect$$libinit$$00000013)
    __rt_lib_init_lc_numeric_1               0x000000bf   Thumb Code     0  libinit2.o(.ARM.Collect$$libinit$$00000015)
    __rt_lib_init_lc_time_1                  0x000000bf   Thumb Code     0  libinit2.o(.ARM.Collect$$libinit$$00000017)
    __rt_lib_init_rand_1                     0x000000bf   Thumb Code     0  libinit2.o(.ARM.Collect$$libinit$$0000000C)
    __rt_lib_init_return                     0x000000bf   Thumb Code     0  libinit2.o(.ARM.Collect$$libinit$$00000031)
    __rt_lib_init_signal_1                   0x000000bf   Thumb Code     0  libinit2.o(.ARM.Collect$$libinit$$0000001B)
    __rt_lib_init_stdio_1                    0x000000bf   Thumb Code     0  libinit2.o(.ARM.Collect$$libinit$$00000023)
    __rt_lib_init_user_alloc_1               0x000000bf   Thumb Code     0  libinit2.o(.ARM.Collect$$libinit$$0000000A)
    Inline ARM to Thumb Veneer to __rt_lib_shutdown 0x000000cc   ARM Code       8  libshutdown.o(.ARM.Collect$$libshutdown$$00000000)
    __rt_lib_shutdown                        0x000000d5   Thumb Code     0  libshutdown.o(.ARM.Collect$$libshutdown$$00000000)
    __rt_lib_shutdown_fp_trap_1              0x000000d9   Thumb Code     0  libshutdown2.o(.ARM.Collect$$libshutdown$$00000006)
    __rt_lib_shutdown_heap_1                 0x000000d9   Thumb Code     0  libshutdown2.o(.ARM.Collect$$libshutdown$$0000000E)
    __rt_lib_shutdown_return                 0x000000d9   Thumb Code     0  libshutdown2.o(.ARM.Collect$$libshutdown$$0000000F)
    __rt_lib_shutdown_signal_1               0x000000d9   Thumb Code     0  libshutdown2.o(.ARM.Collect$$libshutdown$$00000009)
    __rt_lib_shutdown_stdio_1                0x000000d9   Thumb Code     0  libshutdown2.o(.ARM.Collect$$libshutdown$$00000003)
    __rt_lib_shutdown_user_alloc_1           0x000000d9   Thumb Code     0  libshutdown2.o(.ARM.Collect$$libshutdown$$0000000B)
    __rt_entry                               0x000000e0   ARM Code       0  rtentry.o(.ARM.Collect$$rtentry$$00000000)
    __rt_entry_presh_1                       0x000000e0   ARM Code       0  rtentry2.o(.ARM.Collect$$rtentry$$00000002)
    __rt_entry_sh                            0x000000e0   ARM Code       0  rtentry4.o(.ARM.Collect$$rtentry$$00000004)
    __rt_entry_li                            0x000000e8   ARM Code       0  rtentry2.o(.ARM.Collect$$rtentry$$0000000A)
    __rt_entry_postsh_1                      0x000000e8   ARM Code       0  rtentry2.o(.ARM.Collect$$rtentry$$00000009)
    __rt_entry_main                          0x000000ec   ARM Code       0  rtentry2.o(.ARM.Collect$$rtentry$$0000000D)
    __rt_entry_postli_1                      0x000000ec   ARM Code       0  rtentry2.o(.ARM.Collect$$rtentry$$0000000C)
    Inline Thumb to ARM Veneer to __rt_exit  0x00000115   Thumb Code     4  rtexit.o(.ARM.Collect$$rtexit$$00000000)
    __rt_exit                                0x00000118   ARM Code       0  rtexit.o(.ARM.Collect$$rtexit$$00000000)
    __rt_exit_ls                             0x0000011c   ARM Code       0  rtexit2.o(.ARM.Collect$$rtexit$$00000003)
    __rt_exit_prels_1                        0x0000011c   ARM Code       0  rtexit2.o(.ARM.Collect$$rtexit$$00000002)
    __rt_exit_exit                           0x00000120   ARM Code       0  rtexit2.o(.ARM.Collect$$rtexit$$00000004)
    __user_initial_stackheap                 0x00000128   ARM Code       0  startup.o(.text)
    delay_us                                 0x00000148   ARM Code      28  delay.o(.text)
    delay_ms                                 0x00000164   ARM Code      28  delay.o(.text)
    delay_s                                  0x00000180   ARM Code      28  delay.o(.text)
    WriteLCD                                 0x000001a4   ARM Code      84  lcd.o(.text)
    CmdLCD                                   0x000001f8   ARM Code      36  lcd.o(.text)
    CharLCD                                  0x0000021c   ARM Code      36  lcd.o(.text)
    InitLCD                                  0x00000240   ARM Code     116  lcd.o(.text)
    StrLCD                                   0x000002b4   ARM Code      40  lcd.o(.text)
    U32LCD                                   0x000002dc   ARM Code     124  lcd.o(.text)
    S32LCD                                   0x00000358   ARM Code      44  lcd.o(.text)
    F32LCD                                   0x00000384   ARM Code     168  lcd.o(.text)
    BinLCD                                   0x0000042c   ARM Code      56  lcd.o(.text)
    HexLCD                                   0x00000464   ARM Code     132  lcd.o(.text)
    BuildCGRAM                               0x000004e8   ARM Code      64  lcd.o(.text)
    SetYEAR                                  0x00000530   ARM Code     268  rtc_main.o(.text)
    SetMONTH                                 0x0000063c   ARM Code     352  rtc_main.o(.text)
    SetDAY                                   0x0000079c   ARM Code     280  rtc_main.o(.text)
    SetSEC                                   0x000008b4   ARM Code     332  rtc_main.o(.text)
    SetMIN                                   0x00000a00   ARM Code     276  rtc_main.o(.text)
    SetHOUR                                  0x00000b14   ARM Code     336  rtc_main.o(.text)
    EDIT                                     0x00000c64   ARM Code     436  rtc_main.o(.text)
    RTC_GetSec                               0x00000e18   ARM Code      12  rtc_main.o(.text)
    RTC_SetDateInfo                          0x00000e24   ARM Code      20  rtc_main.o(.text)
    RTC_SetDay                               0x00000e38   ARM Code      12  rtc_main.o(.text)
    RTC_SetTimeInfo                          0x00000e44   ARM Code      20  rtc_main.o(.text)
    RTC_Init                                 0x00000e58   ARM Code      60  rtc_main.o(.text)
    main                                     0x00000e94   ARM Code     652  rtc_main.o(.text)
    Init_ADC                                 0x0000114c   ARM Code      16  adc.o(.text)
    Read_ADC                                 0x0000115c   ARM Code     192  adc.o(.text)
    ADCValueToDiatance                       0x00001230   ARM Code     144  gp2xx.o(.text)
    colscan                                  0x000012c8   ARM Code      40  kpm.o(.text)
    rowcheck                                 0x000012f0   ARM Code     280  kpm.o(.text)
    colcheck                                 0x00001408   ARM Code      56  kpm.o(.text)
    keyscan                                  0x00001440   ARM Code      60  kpm.o(.text)
    Init_KPM                                 0x0000147c   ARM Code      24  kpm.o(.text)
    __aeabi_memcpy4                          0x0000149c   ARM Code       0  rt_memcpy_w.o(.text)
    __aeabi_memcpy8                          0x0000149c   ARM Code       0  rt_memcpy_w.o(.text)
    __rt_memcpy_w                            0x0000149c   ARM Code     100  rt_memcpy_w.o(.text)
    _memcpy_lastbytes_aligned                0x000014e8   ARM Code       0  rt_memcpy_w.o(.text)
    __aeabi_memclr4                          0x00001500   ARM Code       0  rt_memclr_w.o(.text)
    __aeabi_memclr8                          0x00001500   ARM Code       0  rt_memclr_w.o(.text)
    __rt_memclr_w                            0x00001500   ARM Code      84  rt_memclr_w.o(.text)
    _memset_w                                0x00001504   ARM Code       0  rt_memclr_w.o(.text)
    __aeabi_idiv                             0x00001554   ARM Code       0  aeabi_sdiv.o(.text)
    __aeabi_idivmod                          0x00001554   ARM Code     384  aeabi_sdiv.o(.text)
    __use_two_region_memory                  0x000016d5   Thumb Code     2  heapauxi.o(.text)
    __rt_heap_escrow$2region                 0x000016d7   Thumb Code     2  heapauxi.o(.text)
    __rt_heap_expand$2region                 0x000016d9   Thumb Code     2  heapauxi.o(.text)
    __user_setup_stackheap                   0x000016dc   ARM Code      96  sys_stackheap_outer.o(.text)
    exit                                     0x0000173d   Thumb Code    12  exit.o(.text)
    __user_libspace                          0x00001748   ARM Code      12  libspace.o(.text)
    __user_perproc_libspace                  0x00001748   ARM Code       0  libspace.o(.text)
    __user_perthread_libspace                0x00001748   ARM Code       0  libspace.o(.text)
    Inline ARM to Thumb Veneer to _sys_exit  0x00001754   ARM Code       8  sys_exit.o(.text)
    _sys_exit                                0x0000175d   Thumb Code     8  sys_exit.o(.text)
    __I$use$semihosting                      0x00001768   ARM Code       0  use_no_semi.o(.text)
    __use_no_semihosting_swi                 0x00001768   ARM Code       4  use_no_semi.o(.text)
    __aeabi_uidiv                            0x0000176c   ARM Code       0  aeabi_sdiv.o(.text_udiv)
    __aeabi_uidivmod                         0x0000176c   ARM Code      36  aeabi_sdiv.o(.text_udiv)
    __semihosting_library_function           0x0000176c   ARM Code       0  indicate_semi.o(.text)
    __aeabi_d2f                              0x00001790   ARM Code       0  d2f.o(x$fpl$d2f)
    _d2f                                     0x00001790   ARM Code     108  d2f.o(x$fpl$d2f)
    __fpl_dcmp_Inf                           0x000017fc   ARM Code      28  dcmpi.o(x$fpl$dcmpinf)
    __aeabi_ddiv                             0x00001818   ARM Code       0  ddiv.o(x$fpl$ddiv)
    _ddiv                                    0x00001818   ARM Code     600  ddiv.o(x$fpl$ddiv)
    __aeabi_i2d                              0x00001af8   ARM Code       0  dflt_noclz.o(x$fpl$dflt)
    _dflt                                    0x00001af8   ARM Code      88  dflt_noclz.o(x$fpl$dflt)
    __dflt_normalise                         0x00001b08   ARM Code       0  dflt_noclz.o(x$fpl$dflt)
    __aeabi_ui2d                             0x00001b50   ARM Code       0  dflt_noclz.o(x$fpl$dfltu)
    _dfltu                                   0x00001b50   ARM Code      12  dflt_noclz.o(x$fpl$dfltu)
    __aeabi_cdcmple                          0x00001b5c   ARM Code       0  dleqf.o(x$fpl$dleqf)
    _dcmple                                  0x00001b5c   ARM Code     148  dleqf.o(x$fpl$dleqf)
    __fpl_dcmple_InfNaN                      0x00001bd8   ARM Code       0  dleqf.o(x$fpl$dleqf)
    __aeabi_dmul                             0x00001bf0   ARM Code       0  dmul.o(x$fpl$dmul)
    _dmul                                    0x00001bf0   ARM Code     372  dmul.o(x$fpl$dmul)
    __fpl_dnaninf                            0x00001d70   ARM Code     192  dnaninf.o(x$fpl$dnaninf)
    __fpl_dretinf                            0x00001e30   ARM Code      16  dretinf.o(x$fpl$dretinf)
    __aeabi_f2d                              0x00001e40   ARM Code       0  f2d.o(x$fpl$f2d)
    _f2d                                     0x00001e40   ARM Code     100  f2d.o(x$fpl$f2d)
    __aeabi_fadd                             0x00001ea4   ARM Code       0  faddsub_noclz.o(x$fpl$fadd)
    _fadd                                    0x00001ea4   ARM Code     196  faddsub_noclz.o(x$fpl$fadd)
    __aeabi_f2iz                             0x00001f68   ARM Code       0  ffix.o(x$fpl$ffix)
    _ffix                                    0x00001f68   ARM Code      68  ffix.o(x$fpl$ffix)
    __aeabi_f2uiz                            0x00001fac   ARM Code       0  ffixu.o(x$fpl$ffixu)
    _ffixu                                   0x00001fac   ARM Code      84  ffixu.o(x$fpl$ffixu)
    __aeabi_i2f                              0x00002000   ARM Code       0  fflt_noclz.o(x$fpl$fflt)
    _fflt                                    0x00002000   ARM Code      92  fflt_noclz.o(x$fpl$fflt)
    __fflt_normalise                         0x0000200c   ARM Code       0  fflt_noclz.o(x$fpl$fflt)
    __aeabi_ui2f                             0x0000205c   ARM Code       0  fflt_noclz.o(x$fpl$ffltu)
    _ffltu                                   0x0000205c   ARM Code       8  fflt_noclz.o(x$fpl$ffltu)
    __aeabi_fmul                             0x00002064   ARM Code       0  fmul.o(x$fpl$fmul)
    _fmul                                    0x00002064   ARM Code     256  fmul.o(x$fpl$fmul)
    __fpl_fnaninf                            0x00002164   ARM Code     168  fnaninf.o(x$fpl$fnaninf)
    __fpl_fretinf                            0x0000220c   ARM Code      16  fretinf.o(x$fpl$fretinf)
    __aeabi_frsub                            0x0000221c   ARM Code       0  faddsub_noclz.o(x$fpl$frsb)
    _frsb                                    0x0000221c   ARM Code      20  faddsub_noclz.o(x$fpl$frsb)
    __aeabi_fsub                             0x00002230   ARM Code       0  faddsub_noclz.o(x$fpl$fsub)
    _fsub                                    0x00002230   ARM Code     304  faddsub_noclz.o(x$fpl$fsub)
    __I$use$fp                               0x00002360   Number         0  usenofp.o(x$fpl$usenofp)
    Region$$Table$$Base                      0x000023cc   Number         0  anon$$obj.o(Region$$Table)
    Region$$Table$$Limit                     0x000023ec   Number         0  anon$$obj.o(Region$$Table)
    lut                                      0x40000000   Data          28  rtc_main.o(.data)
    mlut                                     0x4000001c   Data         120  rtc_main.o(.data)
    data                                     0x40000094   Data         120  rtc_main.o(.data)
    x                                        0x4000010c   Data           4  rtc_main.o(.data)
    cm                                       0x40000110   Data           4  rtc_main.o(.data)
    ch                                       0x40000114   Data           4  rtc_main.o(.data)
    y                                        0x40000118   Data           4  rtc_main.o(.data)
    a                                        0x4000011c   Data           4  rtc_main.o(.data)
    KPMLUT                                   0x40000120   Data          16  kpm.o(.data)
    __libspace_start                         0x40000130   Data          96  libspace.o(.bss)
    __temporary_stack_top$libspace           0x40000190   Data           0  libspace.o(.bss)



==============================================================================

Memory Map of the image

  Image Entry point : 0x00000000

  Load Region LR_1 (Base: 0x00000000, Size: 0x0000251c, Max: 0xffffffff, ABSOLUTE, COMPRESSED[0x00002440])

    Execution Region ER_RO (Base: 0x00000000, Size: 0x000023ec, Max: 0xffffffff, ABSOLUTE)

    Base Addr    Size         Type   Attr      Idx    E Section Name        Object

    0x00000000   0x00000008   Code   RO          158  * !!!main             c_t.l(__main.o)
    0x00000008   0x0000003c   Code   RO          373    !!!scatter          c_t.l(__scatter.o)
    0x00000044   0x00000044   Code   RO          371    !!dczerorl          c_t.l(__dczerorl.o)
    0x00000088   0x0000002c   Code   RO          375    !!handler_zi        c_t.l(__scatter_zi.o)
    0x000000b4   0x00000008   Ven    RO          242    .ARM.Collect$$libinit$$00000000  c_t.l(libinit.o)
    0x000000bc   0x00000002   Code   RO          242    .ARM.Collect$$libinit$$00000000  c_t.l(libinit.o)
    0x000000be   0x00000000   Code   RO          255    .ARM.Collect$$libinit$$00000002  c_t.l(libinit2.o)
    0x000000be   0x00000000   Code   RO          258    .ARM.Collect$$libinit$$00000008  c_t.l(libinit2.o)
    0x000000be   0x00000000   Code   RO          260    .ARM.Collect$$libinit$$0000000A  c_t.l(libinit2.o)
    0x000000be   0x00000000   Code   RO          262    .ARM.Collect$$libinit$$0000000C  c_t.l(libinit2.o)
    0x000000be   0x00000000   Code   RO          265    .ARM.Collect$$libinit$$0000000F  c_t.l(libinit2.o)
    0x000000be   0x00000000   Code   RO          267    .ARM.Collect$$libinit$$00000011  c_t.l(libinit2.o)
    0x000000be   0x00000000   Code   RO          269    .ARM.Collect$$libinit$$00000013  c_t.l(libinit2.o)
    0x000000be   0x00000000   Code   RO          271    .ARM.Collect$$libinit$$00000015  c_t.l(libinit2.o)
    0x000000be   0x00000000   Code   RO          273    .ARM.Collect$$libinit$$00000017  c_t.l(libinit2.o)
    0x000000be   0x00000000   Code   RO          275    .ARM.Collect$$libinit$$00000019  c_t.l(libinit2.o)
    0x000000be   0x00000000   Code   RO          277    .ARM.Collect$$libinit$$0000001B  c_t.l(libinit2.o)
    0x000000be   0x00000000   Code   RO          279    .ARM.Collect$$libinit$$0000001D  c_t.l(libinit2.o)
    0x000000be   0x00000000   Code   RO          281    .ARM.Collect$$libinit$$0000001F  c_t.l(libinit2.o)
    0x000000be   0x00000000   Code   RO          283    .ARM.Collect$$libinit$$00000021  c_t.l(libinit2.o)
    0x000000be   0x00000000   Code   RO          285    .ARM.Collect$$libinit$$00000023  c_t.l(libinit2.o)
    0x000000be   0x00000000   Code   RO          289    .ARM.Collect$$libinit$$0000002A  c_t.l(libinit2.o)
    0x000000be   0x00000000   Code   RO          291    .ARM.Collect$$libinit$$0000002C  c_t.l(libinit2.o)
    0x000000be   0x00000000   Code   RO          293    .ARM.Collect$$libinit$$0000002E  c_t.l(libinit2.o)
    0x000000be   0x00000000   Code   RO          295    .ARM.Collect$$libinit$$00000030  c_t.l(libinit2.o)
    0x000000be   0x0000000c   Code   RO          296    .ARM.Collect$$libinit$$00000031  c_t.l(libinit2.o)
    0x000000ca   0x00000002   PAD
    0x000000cc   0x00000008   Ven    RO          329    .ARM.Collect$$libshutdown$$00000000  c_t.l(libshutdown.o)
    0x000000d4   0x00000004   Code   RO          329    .ARM.Collect$$libshutdown$$00000000  c_t.l(libshutdown.o)
    0x000000d8   0x00000000   Code   RO          356    .ARM.Collect$$libshutdown$$00000003  c_t.l(libshutdown2.o)
    0x000000d8   0x00000000   Code   RO          359    .ARM.Collect$$libshutdown$$00000006  c_t.l(libshutdown2.o)
    0x000000d8   0x00000000   Code   RO          362    .ARM.Collect$$libshutdown$$00000009  c_t.l(libshutdown2.o)
    0x000000d8   0x00000000   Code   RO          364    .ARM.Collect$$libshutdown$$0000000B  c_t.l(libshutdown2.o)
    0x000000d8   0x00000000   Code   RO          367    .ARM.Collect$$libshutdown$$0000000E  c_t.l(libshutdown2.o)
    0x000000d8   0x00000006   Code   RO          368    .ARM.Collect$$libshutdown$$0000000F  c_t.l(libshutdown2.o)
    0x000000de   0x00000002   PAD
    0x000000e0   0x00000000   Code   RO          196    .ARM.Collect$$rtentry$$00000000  c_t.l(rtentry.o)
    0x000000e0   0x00000000   Code   RO          213    .ARM.Collect$$rtentry$$00000002  c_t.l(rtentry2.o)
    0x000000e0   0x00000008   Code   RO          225    .ARM.Collect$$rtentry$$00000004  c_t.l(rtentry4.o)
    0x000000e8   0x00000000   Code   RO          215    .ARM.Collect$$rtentry$$00000009  c_t.l(rtentry2.o)
    0x000000e8   0x00000004   Code   RO          216    .ARM.Collect$$rtentry$$0000000A  c_t.l(rtentry2.o)
    0x000000ec   0x00000000   Code   RO          218    .ARM.Collect$$rtentry$$0000000C  c_t.l(rtentry2.o)
    0x000000ec   0x00000028   Code   RO          219    .ARM.Collect$$rtentry$$0000000D  c_t.l(rtentry2.o)
    0x00000114   0x00000004   Ven    RO          246    .ARM.Collect$$rtexit$$00000000  c_t.l(rtexit.o)
    0x00000118   0x00000004   Code   RO          246    .ARM.Collect$$rtexit$$00000000  c_t.l(rtexit.o)
    0x0000011c   0x00000000   Code   RO          300    .ARM.Collect$$rtexit$$00000002  c_t.l(rtexit2.o)
    0x0000011c   0x00000004   Code   RO          301    .ARM.Collect$$rtexit$$00000003  c_t.l(rtexit2.o)
    0x00000120   0x00000008   Code   RO          302    .ARM.Collect$$rtexit$$00000004  c_t.l(rtexit2.o)
    0x00000128   0x00000020   Code   RO            4    .text               startup.o
    0x00000148   0x0000005c   Code   RO           11    .text               delay.o
    0x000001a4   0x0000038c   Code   RO           26    .text               lcd.o
    0x00000530   0x00000c1c   Code   RO           49    .text               rtc_main.o
    0x0000114c   0x000000e4   Code   RO           86    .text               adc.o
    0x00001230   0x00000098   Code   RO          104    .text               gp2xx.o
    0x000012c8   0x000001d4   Code   RO          116    .text               kpm.o
    0x0000149c   0x00000064   Code   RO          136    .text               c_t.l(rt_memcpy_w.o)
    0x00001500   0x00000054   Code   RO          138    .text               c_t.l(rt_memclr_w.o)
    0x00001554   0x00000180   Code   RO          140    .text               c_t.l(aeabi_sdiv.o)
    0x000016d4   0x00000006   Code   RO          156    .text               c_t.l(heapauxi.o)
    0x000016da   0x00000002   PAD
    0x000016dc   0x00000060   Code   RO          229    .text               c_t.l(sys_stackheap_outer.o)
    0x0000173c   0x0000000c   Code   RO          231    .text               c_t.l(exit.o)
    0x00001748   0x0000000c   Code   RO          243    .text               c_t.l(libspace.o)
    0x00001754   0x00000008   Ven    RO          297    .text               c_t.l(sys_exit.o)
    0x0000175c   0x0000000c   Code   RO          297    .text               c_t.l(sys_exit.o)
    0x00001768   0x00000004   Code   RO          318    .text               c_t.l(use_no_semi.o)
    0x0000176c   0x00000000   Code   RO          320    .text               c_t.l(indicate_semi.o)
    0x0000176c   0x00000024   Code   RO          141    .text_udiv          c_t.l(aeabi_sdiv.o)
    0x00001790   0x0000006c   Code   RO          160    x$fpl$d2f           fz_ts.l(d2f.o)
    0x000017fc   0x0000001c   Code   RO          201    x$fpl$dcmpinf       fz_ts.l(dcmpi.o)
    0x00001818   0x000002e0   Code   RO          163    x$fpl$ddiv          fz_ts.l(ddiv.o)
    0x00001af8   0x00000058   Code   RO          167    x$fpl$dflt          fz_ts.l(dflt_noclz.o)
    0x00001b50   0x0000000c   Code   RO          166    x$fpl$dfltu         fz_ts.l(dflt_noclz.o)
    0x00001b5c   0x00000094   Code   RO          170    x$fpl$dleqf         fz_ts.l(dleqf.o)
    0x00001bf0   0x00000180   Code   RO          172    x$fpl$dmul          fz_ts.l(dmul.o)
    0x00001d70   0x000000c0   Code   RO          203    x$fpl$dnaninf       fz_ts.l(dnaninf.o)
    0x00001e30   0x00000010   Code   RO          205    x$fpl$dretinf       fz_ts.l(dretinf.o)
    0x00001e40   0x00000064   Code   RO          174    x$fpl$f2d           fz_ts.l(f2d.o)
    0x00001ea4   0x000000c4   Code   RO          176    x$fpl$fadd          fz_ts.l(faddsub_noclz.o)
    0x00001f68   0x00000044   Code   RO          182    x$fpl$ffix          fz_ts.l(ffix.o)
    0x00001fac   0x00000054   Code   RO          186    x$fpl$ffixu         fz_ts.l(ffixu.o)
    0x00002000   0x0000005c   Code   RO          191    x$fpl$fflt          fz_ts.l(fflt_noclz.o)
    0x0000205c   0x00000008   Code   RO          190    x$fpl$ffltu         fz_ts.l(fflt_noclz.o)
    0x00002064   0x00000100   Code   RO          194    x$fpl$fmul          fz_ts.l(fmul.o)
    0x00002164   0x000000a8   Code   RO          207    x$fpl$fnaninf       fz_ts.l(fnaninf.o)
    0x0000220c   0x00000010   Code   RO          209    x$fpl$fretinf       fz_ts.l(fretinf.o)
    0x0000221c   0x00000014   Code   RO          177    x$fpl$frsb          fz_ts.l(faddsub_noclz.o)
    0x00002230   0x00000130   Code   RO          178    x$fpl$fsub          fz_ts.l(faddsub_noclz.o)
    0x00002360   0x00000000   Code   RO          211    x$fpl$usenofp       fz_ts.l(usenofp.o)
    0x00002360   0x00000020   Data   RO           50    .constdata          rtc_main.o
    0x00002380   0x0000004c   Data   RO           51    .conststring        rtc_main.o
    0x000023cc   0x00000020   Data   RO          369    Region$$Table       anon$$obj.o


    Execution Region ER_RW (Base: 0x40000000, Size: 0x00000130, Max: 0xffffffff, ABSOLUTE, COMPRESSED[0x00000054])

    Base Addr    Size         Type   Attr      Idx    E Section Name        Object

    0x40000000   0x00000120   Data   RW           52    .data               rtc_main.o
    0x40000120   0x00000010   Data   RW          117    .data               kpm.o


    Execution Region ER_ZI (Base: 0x40000130, Size: 0x000004e8, Max: 0xffffffff, ABSOLUTE)

    Base Addr    Size         Type   Attr      Idx    E Section Name        Object

    0x40000130   0x00000060   Zero   RW          244    .bss                c_t.l(libspace.o)
    0x40000190   0x00000000   Zero   RW            2    HEAP                startup.o
    0x40000190   0x00000488   Zero   RW            1    STACK               startup.o


==============================================================================

Image component sizes


      Code (inc. data)   RO Data    RW Data    ZI Data      Debug   Object Name

       228         20          0          0          0        660   adc.o
        92          8          0          0          0       2428   delay.o
       152          8          0          0          0        573   gp2xx.o
       468          8          0         16          0       1654   kpm.o
       908          8          0          0          0       3343   lcd.o
      3100        236        108        288          0       4493   rtc_main.o
        32         12          0          0       1160        212   startup.o

    ----------------------------------------------------------------------
      4980        300        140        304       1160      13363   Object Totals
         0          0         32          0          0          0   (incl. Generated)
         0          0          0          0          0          0   (incl. Padding)

    ----------------------------------------------------------------------

      Code (inc. data)   RO Data    RW Data    ZI Data      Debug   Library Member Name

        68          2          0          0          0          0   __dczerorl.o
         8          0          0          0          0         68   __main.o
        60          8          0          0          0          0   __scatter.o
        44          0          0          0          0          0   __scatter_zi.o
       420          0          0          0          0        148   aeabi_sdiv.o
        12          0          0          0          0         64   exit.o
         6          0          0          0          0        136   heapauxi.o
         0          0          0          0          0          0   indicate_semi.o
        10          0          0          0          0          0   libinit.o
        12          0          0          0          0          0   libinit2.o
        12          0          0          0          0          0   libshutdown.o
         6          0          0          0          0          0   libshutdown2.o
        12          4          0          0         96         68   libspace.o
        84          0          0          0          0         80   rt_memclr_w.o
       100          0          0          0          0         80   rt_memcpy_w.o
         0          0          0          0          0          0   rtentry.o
        44          4          0          0          0          0   rtentry2.o
         8          0          0          0          0          0   rtentry4.o
         8          0          0          0          0          0   rtexit.o
        12          0          0          0          0          0   rtexit2.o
        20          4          0          0          0         60   sys_exit.o
        96          0          0          0          0         80   sys_stackheap_outer.o
         4          0          0          0          0         68   use_no_semi.o
       108          4          0          0          0         92   d2f.o
        28          0          0          0          0         68   dcmpi.o
       736        140          0          0          0        228   ddiv.o
       100          0          0          0          0        136   dflt_noclz.o
       148          4          0          0          0         92   dleqf.o
       384         16          0          0          0        124   dmul.o
       192          0          0          0          0        108   dnaninf.o
        16          0          0          0          0         68   dretinf.o
       100          4          0          0          0         84   f2d.o
       520          8          0          0          0        236   faddsub_noclz.o
        68          4          0          0          0         84   ffix.o
        84          4          0          0          0         84   ffixu.o
       100          0          0          0          0        136   fflt_noclz.o
       256          4          0          0          0         84   fmul.o
       168          0          0          0          0         96   fnaninf.o
        16          0          0          0          0         68   fretinf.o
         0          0          0          0          0          0   usenofp.o

    ----------------------------------------------------------------------
      4076        210          0          0         96       2640   Library Totals
         6          0          0          0          0          0   (incl. Padding)

    ----------------------------------------------------------------------

      Code (inc. data)   RO Data    RW Data    ZI Data      Debug   Library Name

      1046         22          0          0         96        852   c_t.l
      3024        188          0          0          0       1788   fz_ts.l

    ----------------------------------------------------------------------
      4076        210          0          0         96       2640   Library Totals

    ----------------------------------------------------------------------

==============================================================================


      Code (inc. data)   RO Data    RW Data    ZI Data      Debug   

      9056        510        140        304       1256      14095   Grand Totals
      9056        510        140         84       1256      14095   ELF Image Totals (compressed)
      9056        510        140         84          0          0   ROM Totals

==============================================================================

    Total RO  Size (Code + RO Data)                 9196 (   8.98kB)
    Total RW  Size (RW Data + ZI Data)              1560 (   1.52kB)
    Total ROM Size (Code + RO Data + RW Data)       9280 (   9.06kB)

==============================================================================

